../Core/Src/main.c:55:5:main	64	static
../Core/Src/main.c:165:6:Blink	16	static
../Core/Src/main.c:170:6:UART_Transmit	24	static
../Core/Src/main.c:180:6:SystemClock_Config	96	static
../Core/Src/main.c:238:13:MX_DFSDM1_Init	8	static
../Core/Src/main.c:274:13:MX_I2C2_Init	8	static
../Core/Src/main.c:316:13:MX_QUADSPI_Init	8	static
../Core/Src/main.c:345:13:MX_SPI3_Init	8	static
../Core/Src/main.c:381:13:MX_USART1_UART_Init	8	static
../Core/Src/main.c:412:13:MX_USART3_UART_Init	8	static
../Core/Src/main.c:443:13:MX_USB_OTG_FS_PCD_Init	8	static
../Core/Src/main.c:474:13:MX_GPIO_Init	48	static
../Core/Src/main.c:689:6:Error_Handler	4	static,ignoring_inline_asm
